Testing Read::transferSVTagsToClip
############ 1-0
Testing rat1.exp
------------------------------------------------
Original:

Name: rat103_020_a14.q1cb
ql: 31	qr: 518
sl: 0	sr: 778
cl: 0	cr: 778
Leftclip: 31	Rightclip: 518	Len: 487 (487)
	Template: rat103_020_a14	T-ID: -1
	Strain: 	S-ID: -1


Read size padded: 778
Read padded sequence:
NTTCAAAGGCTGGCCAGTATCGCCAGCTATTTAGGTGACACTATAGAATACTCAAGCTATGCATCCAACGCGTTGGGAGCTCTCCCATATGGTCGAGAGCGTCTTTTTTTTTTTTTTTTTTAAGTGCAAGGGTAATCATTTATTGAACTGCAAGAGCAAGATATTTGTGCGGAATGATCATGGGTGGGGCCAAGAGAAATTTAAGAAAGCTTTTAATTCTCGATGTGTTGTCCTGGGTAACTAGGGAAGATGCTGGAGAGACCAGGATTGCACTTTTCTGTGACAGAGGATGGAAATCAGATCGCAGAATTTGTCTCAGGATGCTCCATGGACAGGAAATGGTGATGCTAGAGTCCTGGTGAGAAGTCTCCACTCAGCACTGGAGGCTCAGGCCTTTCTTCATCCTCGGGCCTGGAGACAGCGATCAGTCTTGGTTAGATCAATGATATTGTCCCTAGTGATTCCATGCGCCTCACATAGTTTTGCAAACTTTTCCTTGATGTCTGAACTCAGATCCTTTGTTCTGCCGTAGAGCACCATCAGCTGGAAGGTTTGCCCGTTCTTGAATCGTATGAACATGAACCCTGACGTACCTCGGCTACACCGGTCATCCATCACAACAGCTGAGCGGCTGCGTACGGGGCGTGTCTTGATCGGCGGCGGCTGGGAGAGGCGGGAAGGTATTGAGGGTCCGCTATGTACTTCCGTCAAGCCGCGCGGAGCGCGAGGGGAGGTGAGGTGTTGGCGACAGTGTGGGCTAGGGAAGTGAGAGAGAGGT


Read complement size padded: 778
Read padded complement sequence:
ACCTCTCTCTCACTTCCCTAGCCCACACTGTCGCCAACACCTCACCTCCCCTCGCGCTCCGCGCGGCTTGACGGAAGTACATAGCGGACCCTCAATACCTTCCCGCCTCTCCCAGCCGCCGCCGATCAAGACACGCCCCGTACGCAGCCGCTCAGCTGTTGTGATGGATGACCGGTGTAGCCGAGGTACGTCAGGGTTCATGTTCATACGATTCAAGAACGGGCAAACCTTCCAGCTGATGGTGCTCTACGGCAGAACAAAGGATCTGAGTTCAGACATCAAGGAAAAGTTTGCAAAACTATGTGAGGCGCATGGAATCACTAGGGACAATATCATTGATCTAACCAAGACTGATCGCTGTCTCCAGGCCCGAGGATGAAGAAAGGCCTGAGCCTCCAGTGCTGAGTGGAGACTTCTCACCAGGACTCTAGCATCACCATTTCCTGTCCATGGAGCATCCTGAGACAAATTCTGCGATCTGATTTCCATCCTCTGTCACAGAAAAGTGCAATCCTGGTCTCTCCAGCATCTTCCCTAGTTACCCAGGACAACACATCGAGAATTAAAAGCTTTCTTAAATTTCTCTTGGCCCCACCCATGATCATTCCGCACAAATATCTTGCTCTTGCAGTTCAATAAATGATTACCCTTGCACTTAAAAAAAAAAAAAAAAAAGACGCTCTCGACCATATGGGAGAGCTCCCAACGCGTTGGATGCATAGCTTGAGTATTCTATAGTGTCACCTAAATAGCTGGCGATACTGGCCAGCCTTTGAAN



After transfer:

Name: rat103_020_a14.q1cb
ql: 31	qr: 518
sl: 122	sr: 490
cl: 0	cr: 778
Leftclip: 122	Rightclip: 490	Len: 368 (368)
	Template: rat103_020_a14	T-ID: -1
	Strain: 	S-ID: -1


Read size padded: 778
Read padded sequence:
NTTCAAAGGCTGGCCAGTATCGCCAGCTATTTAGGTGACACTATAGAATACTCAAGCTATGCATCCAACGCGTTGGGAGCTCTCCCATATGGTCGAGAGCGTCTTTTTTTTTTTTTTTTTTAAGTGCAAGGGTAATCATTTATTGAACTGCAAGAGCAAGATATTTGTGCGGAATGATCATGGGTGGGGCCAAGAGAAATTTAAGAAAGCTTTTAATTCTCGATGTGTTGTCCTGGGTAACTAGGGAAGATGCTGGAGAGACCAGGATTGCACTTTTCTGTGACAGAGGATGGAAATCAGATCGCAGAATTTGTCTCAGGATGCTCCATGGACAGGAAATGGTGATGCTAGAGTCCTGGTGAGAAGTCTCCACTCAGCACTGGAGGCTCAGGCCTTTCTTCATCCTCGGGCCTGGAGACAGCGATCAGTCTTGGTTAGATCAATGATATTGTCCCTAGTGATTCCATGCGCCTCACATAGTTTTGCAAACTTTTCCTTGATGTCTGAACTCAGATCCTTTGTTCTGCCGTAGAGCACCATCAGCTGGAAGGTTTGCCCGTTCTTGAATCGTATGAACATGAACCCTGACGTACCTCGGCTACACCGGTCATCCATCACAACAGCTGAGCGGCTGCGTACGGGGCGTGTCTTGATCGGCGGCGGCTGGGAGAGGCGGGAAGGTATTGAGGGTCCGCTATGTACTTCCGTCAAGCCGCGCGGAGCGCGAGGGGAGGTGAGGTGTTGGCGACAGTGTGGGCTAGGGAAGTGAGAGAGAGGT


Read complement size padded: 778
Read padded complement sequence:
ACCTCTCTCTCACTTCCCTAGCCCACACTGTCGCCAACACCTCACCTCCCCTCGCGCTCCGCGCGGCTTGACGGAAGTACATAGCGGACCCTCAATACCTTCCCGCCTCTCCCAGCCGCCGCCGATCAAGACACGCCCCGTACGCAGCCGCTCAGCTGTTGTGATGGATGACCGGTGTAGCCGAGGTACGTCAGGGTTCATGTTCATACGATTCAAGAACGGGCAAACCTTCCAGCTGATGGTGCTCTACGGCAGAACAAAGGATCTGAGTTCAGACATCAAGGAAAAGTTTGCAAAACTATGTGAGGCGCATGGAATCACTAGGGACAATATCATTGATCTAACCAAGACTGATCGCTGTCTCCAGGCCCGAGGATGAAGAAAGGCCTGAGCCTCCAGTGCTGAGTGGAGACTTCTCACCAGGACTCTAGCATCACCATTTCCTGTCCATGGAGCATCCTGAGACAAATTCTGCGATCTGATTTCCATCCTCTGTCACAGAAAAGTGCAATCCTGGTCTCTCCAGCATCTTCCCTAGTTACCCAGGACAACACATCGAGAATTAAAAGCTTTCTTAAATTTCTCTTGGCCCCACCCATGATCATTCCGCACAAATATCTTGCTCTTGCAGTTCAATAAATGATTACCCTTGCACTTAAAAAAAAAAAAAAAAAAGACGCTCTCGACCATATGGGAGAGCTCCCAACGCGTTGGATGCATAGCTTGAGTATTCTATAGTGTCACCTAAATAGCTGGCGATACTGGCCAGCCTTTGAAN


############ 1-1
Testing rat2.exp
------------------------------------------------
Original:

Name: rat103_020_a14.q1cb
ql: 16	qr: 529
sl: 0	sr: 778
cl: 0	cr: 778
Leftclip: 16	Rightclip: 529	Len: 513 (513)
	Template: rat103_020_a14	T-ID: -1
	Strain: 	S-ID: -1


Read size padded: 778
Read padded sequence:
NTTCAAAGGCTGGCCAGTATCGCCAGCTATTTAGGTGACACTATAGAATACTCAAGCTATGCATCCAACGCGTTGGGAGCTCTCCCATATGGTCGAGAGCGTCTTTTTTTTTTTTTTTTTTAAGTGCAAGGGTAATCATTTATTGAACTGCAAGAGCAAGATATTTGTGCGGAATGATCATGGGTGGGGCCAAGAGAAATTTAAGAAAGCTTTTAATTCTCGATGTGTTGTCCTGGGTAACTAGGGAAGATGCTGGAGAGACCAGGATTGCACTTTTCTGTGACAGAGGATGGAAATCAGATCGCAGAATTTGTCTCAGGATGCTCCATGGACAGGAAATGGTGATGCTAGAGTCCTGGTGAGAAGTCTCCACTCAGCACTGGAGGCTCAGGCCTTTCTTCATCCTCGGGCCTGGAGACAGCGATCAGTCTTGGTTAGATCAATGATATTGTCCCTAGTGATTCCATGCGCCTCACATAGTTTTGCAAACTTTTCCTTGATGTCTGAACTCAGATCCTTTGTTCTGCCGTAGAGCACCATCAGCTGGAAGGTTTGCCCGTTCTTGAATCGTATGAACATGAACCCTGACGTACCTCGGCTACACCGGTCATCCATCACAACAGCTGAGCGGCTGCGTACGGGGCGTGTCTTGATCGGCGGCGGCTGGGAGAGGCGGGAAGGTATTGAGGGTCCGCTATGTACTTCCGTCAAGCCGCGCGGAGCGCGAGGGGAGGTGAGGTGTTGGCGACAGTGTGGGCTAGGGAAGTGAGAGAGAGGT


Read complement size padded: 778
Read padded complement sequence:
ACCTCTCTCTCACTTCCCTAGCCCACACTGTCGCCAACACCTCACCTCCCCTCGCGCTCCGCGCGGCTTGACGGAAGTACATAGCGGACCCTCAATACCTTCCCGCCTCTCCCAGCCGCCGCCGATCAAGACACGCCCCGTACGCAGCCGCTCAGCTGTTGTGATGGATGACCGGTGTAGCCGAGGTACGTCAGGGTTCATGTTCATACGATTCAAGAACGGGCAAACCTTCCAGCTGATGGTGCTCTACGGCAGAACAAAGGATCTGAGTTCAGACATCAAGGAAAAGTTTGCAAAACTATGTGAGGCGCATGGAATCACTAGGGACAATATCATTGATCTAACCAAGACTGATCGCTGTCTCCAGGCCCGAGGATGAAGAAAGGCCTGAGCCTCCAGTGCTGAGTGGAGACTTCTCACCAGGACTCTAGCATCACCATTTCCTGTCCATGGAGCATCCTGAGACAAATTCTGCGATCTGATTTCCATCCTCTGTCACAGAAAAGTGCAATCCTGGTCTCTCCAGCATCTTCCCTAGTTACCCAGGACAACACATCGAGAATTAAAAGCTTTCTTAAATTTCTCTTGGCCCCACCCATGATCATTCCGCACAAATATCTTGCTCTTGCAGTTCAATAAATGATTACCCTTGCACTTAAAAAAAAAAAAAAAAAAGACGCTCTCGACCATATGGGAGAGCTCCCAACGCGTTGGATGCATAGCTTGAGTATTCTATAGTGTCACCTAAATAGCTGGCGATACTGGCCAGCCTTTGAAN



After transfer:

Name: rat103_020_a14.q1cb
ql: 16	qr: 529
sl: 122	sr: 490
cl: 0	cr: 778
Leftclip: 122	Rightclip: 490	Len: 368 (368)
	Template: rat103_020_a14	T-ID: -1
	Strain: 	S-ID: -1


Read size padded: 778
Read padded sequence:
NTTCAAAGGCTGGCCAGTATCGCCAGCTATTTAGGTGACACTATAGAATACTCAAGCTATGCATCCAACGCGTTGGGAGCTCTCCCATATGGTCGAGAGCGTCTTTTTTTTTTTTTTTTTTAAGTGCAAGGGTAATCATTTATTGAACTGCAAGAGCAAGATATTTGTGCGGAATGATCATGGGTGGGGCCAAGAGAAATTTAAGAAAGCTTTTAATTCTCGATGTGTTGTCCTGGGTAACTAGGGAAGATGCTGGAGAGACCAGGATTGCACTTTTCTGTGACAGAGGATGGAAATCAGATCGCAGAATTTGTCTCAGGATGCTCCATGGACAGGAAATGGTGATGCTAGAGTCCTGGTGAGAAGTCTCCACTCAGCACTGGAGGCTCAGGCCTTTCTTCATCCTCGGGCCTGGAGACAGCGATCAGTCTTGGTTAGATCAATGATATTGTCCCTAGTGATTCCATGCGCCTCACATAGTTTTGCAAACTTTTCCTTGATGTCTGAACTCAGATCCTTTGTTCTGCCGTAGAGCACCATCAGCTGGAAGGTTTGCCCGTTCTTGAATCGTATGAACATGAACCCTGACGTACCTCGGCTACACCGGTCATCCATCACAACAGCTGAGCGGCTGCGTACGGGGCGTGTCTTGATCGGCGGCGGCTGGGAGAGGCGGGAAGGTATTGAGGGTCCGCTATGTACTTCCGTCAAGCCGCGCGGAGCGCGAGGGGAGGTGAGGTGTTGGCGACAGTGTGGGCTAGGGAAGTGAGAGAGAGGT


Read complement size padded: 778
Read padded complement sequence:
ACCTCTCTCTCACTTCCCTAGCCCACACTGTCGCCAACACCTCACCTCCCCTCGCGCTCCGCGCGGCTTGACGGAAGTACATAGCGGACCCTCAATACCTTCCCGCCTCTCCCAGCCGCCGCCGATCAAGACACGCCCCGTACGCAGCCGCTCAGCTGTTGTGATGGATGACCGGTGTAGCCGAGGTACGTCAGGGTTCATGTTCATACGATTCAAGAACGGGCAAACCTTCCAGCTGATGGTGCTCTACGGCAGAACAAAGGATCTGAGTTCAGACATCAAGGAAAAGTTTGCAAAACTATGTGAGGCGCATGGAATCACTAGGGACAATATCATTGATCTAACCAAGACTGATCGCTGTCTCCAGGCCCGAGGATGAAGAAAGGCCTGAGCCTCCAGTGCTGAGTGGAGACTTCTCACCAGGACTCTAGCATCACCATTTCCTGTCCATGGAGCATCCTGAGACAAATTCTGCGATCTGATTTCCATCCTCTGTCACAGAAAAGTGCAATCCTGGTCTCTCCAGCATCTTCCCTAGTTACCCAGGACAACACATCGAGAATTAAAAGCTTTCTTAAATTTCTCTTGGCCCCACCCATGATCATTCCGCACAAATATCTTGCTCTTGCAGTTCAATAAATGATTACCCTTGCACTTAAAAAAAAAAAAAAAAAAGACGCTCTCGACCATATGGGAGAGCTCCCAACGCGTTGGATGCATAGCTTGAGTATTCTATAGTGTCACCTAAATAGCTGGCGATACTGGCCAGCCTTTGAAN


############ 1-2
Testing rat3.exp
------------------------------------------------
Original:

Name: rat103_020_a14.q1cb
ql: 15	qr: 530
sl: 0	sr: 778
cl: 0	cr: 778
Leftclip: 15	Rightclip: 530	Len: 515 (515)
	Template: rat103_020_a14	T-ID: -1
	Strain: 	S-ID: -1


Read size padded: 778
Read padded sequence:
NTTCAAAGGCTGGCCAGTATCGCCAGCTATTTAGGTGACACTATAGAATACTCAAGCTATGCATCCAACGCGTTGGGAGCTCTCCCATATGGTCGAGAGCGTCTTTTTTTTTTTTTTTTTTAAGTGCAAGGGTAATCATTTATTGAACTGCAAGAGCAAGATATTTGTGCGGAATGATCATGGGTGGGGCCAAGAGAAATTTAAGAAAGCTTTTAATTCTCGATGTGTTGTCCTGGGTAACTAGGGAAGATGCTGGAGAGACCAGGATTGCACTTTTCTGTGACAGAGGATGGAAATCAGATCGCAGAATTTGTCTCAGGATGCTCCATGGACAGGAAATGGTGATGCTAGAGTCCTGGTGAGAAGTCTCCACTCAGCACTGGAGGCTCAGGCCTTTCTTCATCCTCGGGCCTGGAGACAGCGATCAGTCTTGGTTAGATCAATGATATTGTCCCTAGTGATTCCATGCGCCTCACATAGTTTTGCAAACTTTTCCTTGATGTCTGAACTCAGATCCTTTGTTCTGCCGTAGAGCACCATCAGCTGGAAGGTTTGCCCGTTCTTGAATCGTATGAACATGAACCCTGACGTACCTCGGCTACACCGGTCATCCATCACAACAGCTGAGCGGCTGCGTACGGGGCGTGTCTTGATCGGCGGCGGCTGGGAGAGGCGGGAAGGTATTGAGGGTCCGCTATGTACTTCCGTCAAGCCGCGCGGAGCGCGAGGGGAGGTGAGGTGTTGGCGACAGTGTGGGCTAGGGAAGTGAGAGAGAGGT


Read complement size padded: 778
Read padded complement sequence:
ACCTCTCTCTCACTTCCCTAGCCCACACTGTCGCCAACACCTCACCTCCCCTCGCGCTCCGCGCGGCTTGACGGAAGTACATAGCGGACCCTCAATACCTTCCCGCCTCTCCCAGCCGCCGCCGATCAAGACACGCCCCGTACGCAGCCGCTCAGCTGTTGTGATGGATGACCGGTGTAGCCGAGGTACGTCAGGGTTCATGTTCATACGATTCAAGAACGGGCAAACCTTCCAGCTGATGGTGCTCTACGGCAGAACAAAGGATCTGAGTTCAGACATCAAGGAAAAGTTTGCAAAACTATGTGAGGCGCATGGAATCACTAGGGACAATATCATTGATCTAACCAAGACTGATCGCTGTCTCCAGGCCCGAGGATGAAGAAAGGCCTGAGCCTCCAGTGCTGAGTGGAGACTTCTCACCAGGACTCTAGCATCACCATTTCCTGTCCATGGAGCATCCTGAGACAAATTCTGCGATCTGATTTCCATCCTCTGTCACAGAAAAGTGCAATCCTGGTCTCTCCAGCATCTTCCCTAGTTACCCAGGACAACACATCGAGAATTAAAAGCTTTCTTAAATTTCTCTTGGCCCCACCCATGATCATTCCGCACAAATATCTTGCTCTTGCAGTTCAATAAATGATTACCCTTGCACTTAAAAAAAAAAAAAAAAAAGACGCTCTCGACCATATGGGAGAGCTCCCAACGCGTTGGATGCATAGCTTGAGTATTCTATAGTGTCACCTAAATAGCTGGCGATACTGGCCAGCCTTTGAAN



After transfer:

Name: rat103_020_a14.q1cb
ql: 15	qr: 530
sl: 122	sr: 778
cl: 0	cr: 778
Leftclip: 122	Rightclip: 530	Len: 408 (408)
	Template: rat103_020_a14	T-ID: -1
	Strain: 	S-ID: -1


Read size padded: 778
Read padded sequence:
NTTCAAAGGCTGGCCAGTATCGCCAGCTATTTAGGTGACACTATAGAATACTCAAGCTATGCATCCAACGCGTTGGGAGCTCTCCCATATGGTCGAGAGCGTCTTTTTTTTTTTTTTTTTTAAGTGCAAGGGTAATCATTTATTGAACTGCAAGAGCAAGATATTTGTGCGGAATGATCATGGGTGGGGCCAAGAGAAATTTAAGAAAGCTTTTAATTCTCGATGTGTTGTCCTGGGTAACTAGGGAAGATGCTGGAGAGACCAGGATTGCACTTTTCTGTGACAGAGGATGGAAATCAGATCGCAGAATTTGTCTCAGGATGCTCCATGGACAGGAAATGGTGATGCTAGAGTCCTGGTGAGAAGTCTCCACTCAGCACTGGAGGCTCAGGCCTTTCTTCATCCTCGGGCCTGGAGACAGCGATCAGTCTTGGTTAGATCAATGATATTGTCCCTAGTGATTCCATGCGCCTCACATAGTTTTGCAAACTTTTCCTTGATGTCTGAACTCAGATCCTTTGTTCTGCCGTAGAGCACCATCAGCTGGAAGGTTTGCCCGTTCTTGAATCGTATGAACATGAACCCTGACGTACCTCGGCTACACCGGTCATCCATCACAACAGCTGAGCGGCTGCGTACGGGGCGTGTCTTGATCGGCGGCGGCTGGGAGAGGCGGGAAGGTATTGAGGGTCCGCTATGTACTTCCGTCAAGCCGCGCGGAGCGCGAGGGGAGGTGAGGTGTTGGCGACAGTGTGGGCTAGGGAAGTGAGAGAGAGGT


Read complement size padded: 778
Read padded complement sequence:
ACCTCTCTCTCACTTCCCTAGCCCACACTGTCGCCAACACCTCACCTCCCCTCGCGCTCCGCGCGGCTTGACGGAAGTACATAGCGGACCCTCAATACCTTCCCGCCTCTCCCAGCCGCCGCCGATCAAGACACGCCCCGTACGCAGCCGCTCAGCTGTTGTGATGGATGACCGGTGTAGCCGAGGTACGTCAGGGTTCATGTTCATACGATTCAAGAACGGGCAAACCTTCCAGCTGATGGTGCTCTACGGCAGAACAAAGGATCTGAGTTCAGACATCAAGGAAAAGTTTGCAAAACTATGTGAGGCGCATGGAATCACTAGGGACAATATCATTGATCTAACCAAGACTGATCGCTGTCTCCAGGCCCGAGGATGAAGAAAGGCCTGAGCCTCCAGTGCTGAGTGGAGACTTCTCACCAGGACTCTAGCATCACCATTTCCTGTCCATGGAGCATCCTGAGACAAATTCTGCGATCTGATTTCCATCCTCTGTCACAGAAAAGTGCAATCCTGGTCTCTCCAGCATCTTCCCTAGTTACCCAGGACAACACATCGAGAATTAAAAGCTTTCTTAAATTTCTCTTGGCCCCACCCATGATCATTCCGCACAAATATCTTGCTCTTGCAGTTCAATAAATGATTACCCTTGCACTTAAAAAAAAAAAAAAAAAAGACGCTCTCGACCATATGGGAGAGCTCCCAACGCGTTGGATGCATAGCTTGAGTATTCTATAGTGTCACCTAAATAGCTGGCGATACTGGCCAGCCTTTGAAN


############ 1-3
Testing rat4.exp
------------------------------------------------
Original:

Name: rat103_020_a14.q1cb
ql: 31	qr: 518
sl: 0	sr: 778
cl: 0	cr: 778
Leftclip: 31	Rightclip: 518	Len: 487 (487)
	Template: rat103_020_a14	T-ID: -1
	Strain: 	S-ID: -1


Read size padded: 778
Read padded sequence:
NTTCAAAGGCTGGCCAGTATCGCCAGCTATTTAGGTGACACTATAGAATACTCAAGCTATGCATCCAACGCGTTGGGAGCTCTCCCATATGGTCGAGAGCGTCTTTTTTTTTTTTTTTTTTAAGTGCAAGGGTAATCATTTATTGAACTGCAAGAGCAAGATATTTGTGCGGAATGATCATGGGTGGGGCCAAGAGAAATTTAAGAAAGCTTTTAATTCTCGATGTGTTGTCCTGGGTAACTAGGGAAGATGCTGGAGAGACCAGGATTGCACTTTTCTGTGACAGAGGATGGAAATCAGATCGCAGAATTTGTCTCAGGATGCTCCATGGACAGGAAATGGTGATGCTAGAGTCCTGGTGAGAAGTCTCCACTCAGCACTGGAGGCTCAGGCCTTTCTTCATCCTCGGGCCTGGAGACAGCGATCAGTCTTGGTTAGATCAATGATATTGTCCCTAGTGATTCCATGCGCCTCACATAGTTTTGCAAACTTTTCCTTGATGTCTGAACTCAGATCCTTTGTTCTGCCGTAGAGCACCATCAGCTGGAAGGTTTGCCCGTTCTTGAATCGTATGAACATGAACCCTGACGTACCTCGGCTACACCGGTCATCCATCACAACAGCTGAGCGGCTGCGTACGGGGCGTGTCTTGATCGGCGGCGGCTGGGAGAGGCGGGAAGGTATTGAGGGTCCGCTATGTACTTCCGTCAAGCCGCGCGGAGCGCGAGGGGAGGTGAGGTGTTGGCGACAGTGTGGGCTAGGGAAGTGAGAGAGAGGT


Read complement size padded: 778
Read padded complement sequence:
ACCTCTCTCTCACTTCCCTAGCCCACACTGTCGCCAACACCTCACCTCCCCTCGCGCTCCGCGCGGCTTGACGGAAGTACATAGCGGACCCTCAATACCTTCCCGCCTCTCCCAGCCGCCGCCGATCAAGACACGCCCCGTACGCAGCCGCTCAGCTGTTGTGATGGATGACCGGTGTAGCCGAGGTACGTCAGGGTTCATGTTCATACGATTCAAGAACGGGCAAACCTTCCAGCTGATGGTGCTCTACGGCAGAACAAAGGATCTGAGTTCAGACATCAAGGAAAAGTTTGCAAAACTATGTGAGGCGCATGGAATCACTAGGGACAATATCATTGATCTAACCAAGACTGATCGCTGTCTCCAGGCCCGAGGATGAAGAAAGGCCTGAGCCTCCAGTGCTGAGTGGAGACTTCTCACCAGGACTCTAGCATCACCATTTCCTGTCCATGGAGCATCCTGAGACAAATTCTGCGATCTGATTTCCATCCTCTGTCACAGAAAAGTGCAATCCTGGTCTCTCCAGCATCTTCCCTAGTTACCCAGGACAACACATCGAGAATTAAAAGCTTTCTTAAATTTCTCTTGGCCCCACCCATGATCATTCCGCACAAATATCTTGCTCTTGCAGTTCAATAAATGATTACCCTTGCACTTAAAAAAAAAAAAAAAAAAGACGCTCTCGACCATATGGGAGAGCTCCCAACGCGTTGGATGCATAGCTTGAGTATTCTATAGTGTCACCTAAATAGCTGGCGATACTGGCCAGCCTTTGAAN



After transfer:

Name: rat103_020_a14.q1cb
ql: 31	qr: 518
sl: 778	sr: 778
cl: 0	cr: 778
Leftclip: 778	Rightclip: 518	Len: 0 (-260)
	Template: rat103_020_a14	T-ID: -1
	Strain: 	S-ID: -1


Read size padded: 778
Read padded sequence:
NTTCAAAGGCTGGCCAGTATCGCCAGCTATTTAGGTGACACTATAGAATACTCAAGCTATGCATCCAACGCGTTGGGAGCTCTCCCATATGGTCGAGAGCGTCTTTTTTTTTTTTTTTTTTAAGTGCAAGGGTAATCATTTATTGAACTGCAAGAGCAAGATATTTGTGCGGAATGATCATGGGTGGGGCCAAGAGAAATTTAAGAAAGCTTTTAATTCTCGATGTGTTGTCCTGGGTAACTAGGGAAGATGCTGGAGAGACCAGGATTGCACTTTTCTGTGACAGAGGATGGAAATCAGATCGCAGAATTTGTCTCAGGATGCTCCATGGACAGGAAATGGTGATGCTAGAGTCCTGGTGAGAAGTCTCCACTCAGCACTGGAGGCTCAGGCCTTTCTTCATCCTCGGGCCTGGAGACAGCGATCAGTCTTGGTTAGATCAATGATATTGTCCCTAGTGATTCCATGCGCCTCACATAGTTTTGCAAACTTTTCCTTGATGTCTGAACTCAGATCCTTTGTTCTGCCGTAGAGCACCATCAGCTGGAAGGTTTGCCCGTTCTTGAATCGTATGAACATGAACCCTGACGTACCTCGGCTACACCGGTCATCCATCACAACAGCTGAGCGGCTGCGTACGGGGCGTGTCTTGATCGGCGGCGGCTGGGAGAGGCGGGAAGGTATTGAGGGTCCGCTATGTACTTCCGTCAAGCCGCGCGGAGCGCGAGGGGAGGTGAGGTGTTGGCGACAGTGTGGGCTAGGGAAGTGAGAGAGAGGT


Read complement size padded: 778
Read padded complement sequence:
ACCTCTCTCTCACTTCCCTAGCCCACACTGTCGCCAACACCTCACCTCCCCTCGCGCTCCGCGCGGCTTGACGGAAGTACATAGCGGACCCTCAATACCTTCCCGCCTCTCCCAGCCGCCGCCGATCAAGACACGCCCCGTACGCAGCCGCTCAGCTGTTGTGATGGATGACCGGTGTAGCCGAGGTACGTCAGGGTTCATGTTCATACGATTCAAGAACGGGCAAACCTTCCAGCTGATGGTGCTCTACGGCAGAACAAAGGATCTGAGTTCAGACATCAAGGAAAAGTTTGCAAAACTATGTGAGGCGCATGGAATCACTAGGGACAATATCATTGATCTAACCAAGACTGATCGCTGTCTCCAGGCCCGAGGATGAAGAAAGGCCTGAGCCTCCAGTGCTGAGTGGAGACTTCTCACCAGGACTCTAGCATCACCATTTCCTGTCCATGGAGCATCCTGAGACAAATTCTGCGATCTGATTTCCATCCTCTGTCACAGAAAAGTGCAATCCTGGTCTCTCCAGCATCTTCCCTAGTTACCCAGGACAACACATCGAGAATTAAAAGCTTTCTTAAATTTCTCTTGGCCCCACCCATGATCATTCCGCACAAATATCTTGCTCTTGCAGTTCAATAAATGATTACCCTTGCACTTAAAAAAAAAAAAAAAAAAGACGCTCTCGACCATATGGGAGAGCTCCCAACGCGTTGGATGCATAGCTTGAGTATTCTATAGTGTCACCTAAATAGCTGGCGATACTGGCCAGCCTTTGAAN


############ 1-4
Testing rat5.exp
------------------------------------------------
Original:

Name: rat103_020_a14.q1cb
ql: 1	qr: 8
sl: 0	sr: 10
cl: 0	cr: 10
Leftclip: 1	Rightclip: 8	Len: 7 (7)
	Template: rat103_020_a14	T-ID: -1
	Strain: 	S-ID: -1


Read size padded: 10
Read padded sequence:
NTTCAAAGGC


Read complement size padded: 10
Read padded complement sequence:
GCCTTTGAAN



After transfer:

Name: rat103_020_a14.q1cb
ql: 1	qr: 8
sl: 0	sr: 10
cl: 0	cr: 10
Leftclip: 1	Rightclip: 8	Len: 7 (7)
	Template: rat103_020_a14	T-ID: -1
	Strain: 	S-ID: -1


Read size padded: 10
Read padded sequence:
NTTCAAAGGC


Read complement size padded: 10
Read padded complement sequence:
GCCTTTGAAN


############ 1-5
Testing rat7.exp
------------------------------------------------
Original:

Name: rat103_001_m18.q1ca
ql: 0	qr: 345
sl: 0	sr: 862
cl: 0	cr: 862
Leftclip: 0	Rightclip: 345	Len: 345 (345)
	Template: rat103_001_m18	T-ID: -1
	Strain: 	S-ID: -1


Read size padded: 862
Read padded sequence:
GCTTGGCCATTGGCCCCANCTTTGGAGGTGACACTATAGTNTACTCAAGCTATGCATCCAACGCGTTGGGAGCTCTCCCTTATGGTCGAGAGCGTCTTTTTTTTTTTTTTTTTTATATTCTTTCTATTTTTTATTAATTGCCGGCACAGAGAAAAGAAGTCAAATGTTCAAAGAAATTTGTGTTCCTTAGGGTGTTGGTTTTACACCAACAGAAGAGATGAGTCCTGAGTCTTCATGTCTTTTTTTCTCAGGGTAGCCTGAGATGGTTGTGATGTGTTTAGGCTNANGCTTCTTTGCTTCTAGCAACAAGGTTTGGCCCCTCAGTGGCGAAGCAGTTATCCTTGNCGGCAGCCTTGCAACACTTGTCCACNAATTGTGCGAAGTCACCCATCACCGACTNCAGCTGANCTNCTGAGGCCTTGGNCTTGNGTNANACCANCTNAACNANANCNTTAAAGCNAGNTNNTCTACNAACTNCNTNANNGGAANAGNANCACAATANAAAAAAANGAAAGGATAAAGGNNAAAAANNANAAAACTCNANGGGGGCATANNGTAATAAAAAAACTGANAGAAACNNNGAGANCNTAAACAAATNNACANCAANNACCNACNACAANACTANNGNCCNANAAAAACNCCCTTGNGNANNTNNGTTNCAACCACCCNCANNNNNNANCNAATNNANNCNNNNNATAAACTNNCCNCCATGNNCNACTANNNANNTNACNAATNCTNCGNNCTTTNNNTCCTNCNTNTGCNNCNNTTTNTNTCGGCCTANTNNTATAANTCNGNNNNNTCGTTCCNTTCNNCNANANTAANNGCGATANNTANNANNNGATANNCCTCTTCNTCNCCNNCN


Read complement size padded: 862
Read padded complement sequence:
NGNNGGNGANGAAGAGGNNTATCNNNTNNTANNTATCGCNNTTANTNTNGNNGAANGGAACGANNNNNCNGANTTATANNANTAGGCCGANANAAANNGNNGCANANGNAGGANNNAAAGNNCGNAGNATTNGTNANNTNNNTAGTNGNNCATGGNGGNNAGTTTATNNNNNGNNTNNATTNGNTNNNNNNTGNGGGTGGTTGNAACNNANNTNCNCAAGGGNGTTTTTNTNGGNCNNTAGTNTTGTNGTNGGTNNTTGNTGTNNATTTGTTTANGNTCTCNNNGTTTCTNTCAGTTTTTTTATTACNNTATGCCCCCNTNGAGTTTTNTNNTTTTTNNCCTTTATCCTTTCNTTTTTTTNTATTGTGNTNCTNTTCCNNTNANGNAGTTNGTAGANNANCTNGCTTTAANGNTNTNGTTNAGNTGGTNTNACNCAAGNCCAAGGCCTCAGNAGNTCAGCTGNAGTCGGTGATGGGTGACTTCGCACAATTNGTGGACAAGTGTTGCAAGGCTGCCGNCAAGGATAACTGCTTCGCCACTGAGGGGCCAAACCTTGTTGCTAGAAGCAAAGAAGCNTNAGCCTAAACACATCACAACCATCTCAGGCTACCCTGAGAAAAAAAGACATGAAGACTCAGGACTCATCTCTTCTGTTGGTGTAAAACCAACACCCTAAGGAACACAAATTTCTTTGAACATTTGACTTCTTTTCTCTGTGCCGGCAATTAATAAAAAATAGAAAGAATATAAAAAAAAAAAAAAAAAAGACGCTCTCGACCATAAGGGAGAGCTCCCAACGCGTTGGATGCATAGCTTGAGTANACTATAGTGTCACCTCCAAAGNTGGGGCCAATGGCCAAGC



After transfer:

Name: rat103_001_m18.q1ca
ql: 0	qr: 345
sl: 115	sr: 862
cl: 0	cr: 862
Leftclip: 115	Rightclip: 345	Len: 230 (230)
	Template: rat103_001_m18	T-ID: -1
	Strain: 	S-ID: -1


Read size padded: 862
Read padded sequence:
GCTTGGCCATTGGCCCCANCTTTGGAGGTGACACTATAGTNTACTCAAGCTATGCATCCAACGCGTTGGGAGCTCTCCCTTATGGTCGAGAGCGTCTTTTTTTTTTTTTTTTTTATATTCTTTCTATTTTTTATTAATTGCCGGCACAGAGAAAAGAAGTCAAATGTTCAAAGAAATTTGTGTTCCTTAGGGTGTTGGTTTTACACCAACAGAAGAGATGAGTCCTGAGTCTTCATGTCTTTTTTTCTCAGGGTAGCCTGAGATGGTTGTGATGTGTTTAGGCTNANGCTTCTTTGCTTCTAGCAACAAGGTTTGGCCCCTCAGTGGCGAAGCAGTTATCCTTGNCGGCAGCCTTGCAACACTTGTCCACNAATTGTGCGAAGTCACCCATCACCGACTNCAGCTGANCTNCTGAGGCCTTGGNCTTGNGTNANACCANCTNAACNANANCNTTAAAGCNAGNTNNTCTACNAACTNCNTNANNGGAANAGNANCACAATANAAAAAAANGAAAGGATAAAGGNNAAAAANNANAAAACTCNANGGGGGCATANNGTAATAAAAAAACTGANAGAAACNNNGAGANCNTAAACAAATNNACANCAANNACCNACNACAANACTANNGNCCNANAAAAACNCCCTTGNGNANNTNNGTTNCAACCACCCNCANNNNNNANCNAATNNANNCNNNNNATAAACTNNCCNCCATGNNCNACTANNNANNTNACNAATNCTNCGNNCTTTNNNTCCTNCNTNTGCNNCNNTTTNTNTCGGCCTANTNNTATAANTCNGNNNNNTCGTTCCNTTCNNCNANANTAANNGCGATANNTANNANNNGATANNCCTCTTCNTCNCCNNCN


Read complement size padded: 862
Read padded complement sequence:
NGNNGGNGANGAAGAGGNNTATCNNNTNNTANNTATCGCNNTTANTNTNGNNGAANGGAACGANNNNNCNGANTTATANNANTAGGCCGANANAAANNGNNGCANANGNAGGANNNAAAGNNCGNAGNATTNGTNANNTNNNTAGTNGNNCATGGNGGNNAGTTTATNNNNNGNNTNNATTNGNTNNNNNNTGNGGGTGGTTGNAACNNANNTNCNCAAGGGNGTTTTTNTNGGNCNNTAGTNTTGTNGTNGGTNNTTGNTGTNNATTTGTTTANGNTCTCNNNGTTTCTNTCAGTTTTTTTATTACNNTATGCCCCCNTNGAGTTTTNTNNTTTTTNNCCTTTATCCTTTCNTTTTTTTNTATTGTGNTNCTNTTCCNNTNANGNAGTTNGTAGANNANCTNGCTTTAANGNTNTNGTTNAGNTGGTNTNACNCAAGNCCAAGGCCTCAGNAGNTCAGCTGNAGTCGGTGATGGGTGACTTCGCACAATTNGTGGACAAGTGTTGCAAGGCTGCCGNCAAGGATAACTGCTTCGCCACTGAGGGGCCAAACCTTGTTGCTAGAAGCAAAGAAGCNTNAGCCTAAACACATCACAACCATCTCAGGCTACCCTGAGAAAAAAAGACATGAAGACTCAGGACTCATCTCTTCTGTTGGTGTAAAACCAACACCCTAAGGAACACAAATTTCTTTGAACATTTGACTTCTTTTCTCTGTGCCGGCAATTAATAAAAAATAGAAAGAATATAAAAAAAAAAAAAAAAAAGACGCTCTCGACCATAAGGGAGAGCTCCCAACGCGTTGGATGCATAGCTTGAGTANACTATAGTGTCACCTCCAAAGNTGGGGCCAATGGCCAAGC


Testing broken EXPs
############ 2-0
Testing rat6.exp
------------------------------------------------

Warning: "rat6.exp"
: No bases were found?
->Thrown: void Read::loadDataFromEXP()  
->Caught: main()




Tests ended.
